---
source: tests/suite/cases.gen.rs
expression: tokens
---
- token: Directive
  start:
    index: 0
    line: 0
    column: 0
  end:
    index: 1
    line: 0
    column: 1
- token: DirectiveName
  start:
    index: 1
    line: 0
    column: 1
  end:
    index: 4
    line: 0
    column: 4
- token: Separator
  start:
    index: 4
    line: 0
    column: 4
  end:
    index: 5
    line: 0
    column: 5
- token: TagHandle
  start:
    index: 5
    line: 0
    column: 5
  end:
    index: 8
    line: 0
    column: 8
- token: Separator
  start:
    index: 8
    line: 0
    column: 8
  end:
    index: 9
    line: 0
    column: 9
- token: TagPrefix
  start:
    index: 9
    line: 0
    column: 9
  end:
    index: 34
    line: 0
    column: 34
- token: Break
  start:
    index: 34
    line: 0
    column: 34
  end:
    index: 36
    line: 1
    column: 0
- token: DirectivesEnd
  start:
    index: 36
    line: 1
    column: 0
  end:
    index: 39
    line: 1
    column: 3
- token: Break
  start:
    index: 39
    line: 1
    column: 3
  end:
    index: 41
    line: 2
    column: 0
- token: Indent
  start:
    index: 41
    line: 2
    column: 0
  end:
    index: 41
    line: 2
    column: 0
- token: TagHandle
  start:
    index: 41
    line: 2
    column: 0
  end:
    index: 44
    line: 2
    column: 3
- token: TagSuffix
  start:
    index: 44
    line: 2
    column: 3
  end:
    index: 47
    line: 2
    column: 6
- token: Separator
  start:
    index: 47
    line: 2
    column: 6
  end:
    index: 48
    line: 2
    column: 7
- token: DoubleQuote
  start:
    index: 48
    line: 2
    column: 7
  end:
    index: 49
    line: 2
    column: 8
- token: DoubleQuoted
  start:
    index: 49
    line: 2
    column: 8
  end:
    index: 52
    line: 2
    column: 11
- token: DoubleQuote
  start:
    index: 52
    line: 2
    column: 11
  end:
    index: 53
    line: 2
    column: 12
- token: Break
  start:
    index: 53
    line: 2
    column: 12
  end:
    index: 55
    line: 3
    column: 0

