---
source: tests/suite/cases.gen.rs
expression: tokens
---
- token: Comment
  start:
    line: 0
    column: 0
  end:
    line: 0
    column: 1
- token: CommentText
  start:
    line: 0
    column: 1
  end:
    line: 0
    column: 11
- token: Break
  start:
    line: 0
    column: 11
  end:
    line: 1
    column: 0
- token: DirectivesEnd
  start:
    line: 1
    column: 0
  end:
    line: 1
    column: 3
- token: Separator
  start:
    line: 1
    column: 3
  end:
    line: 1
    column: 4
- token: Literal
  start:
    line: 1
    column: 4
  end:
    line: 1
    column: 5
- token: Break
  start:
    line: 1
    column: 5
  end:
    line: 2
    column: 0
- token: Indent
  start:
    line: 2
    column: 0
  end:
    line: 2
    column: 2
- token: Scalar
  start:
    line: 2
    column: 2
  end:
    line: 2
    column: 11
- token: ScalarBreak
  start:
    line: 2
    column: 11
  end:
    line: 3
    column: 0
- token: Indent
  start:
    line: 3
    column: 0
  end:
    line: 3
    column: 2
- token: Scalar
  start:
    line: 3
    column: 2
  end:
    line: 3
    column: 13
- token: ScalarBreak
  start:
    line: 3
    column: 13
  end:
    line: 4
    column: 0

