---
source: tests/suite/cases.gen.rs
expression: tokens
---
- token: Indent
  start:
    index: 0
    line: 0
    column: 0
  end:
    index: 0
    line: 0
    column: 0
- token: Scalar
  start:
    index: 0
    line: 0
    column: 0
  end:
    index: 7
    line: 0
    column: 7
- token: MappingValue
  start:
    index: 7
    line: 0
    column: 7
  end:
    index: 8
    line: 0
    column: 8
- token: Break
  start:
    index: 8
    line: 0
    column: 8
  end:
    index: 10
    line: 1
    column: 0
- token: Indent
  start:
    index: 10
    line: 1
    column: 0
  end:
    index: 11
    line: 1
    column: 1
- token: Separator
  start:
    index: 11
    line: 1
    column: 1
  end:
    index: 12
    line: 1
    column: 2
- token: DoubleQuote
  start:
    index: 12
    line: 1
    column: 2
  end:
    index: 13
    line: 1
    column: 3
- token: DoubleQuoted
  start:
    index: 13
    line: 1
    column: 3
  end:
    index: 23
    line: 1
    column: 13
- token: Break
  start:
    index: 23
    line: 1
    column: 13
  end:
    index: 25
    line: 2
    column: 0
- token: Indent
  start:
    index: 25
    line: 2
    column: 0
  end:
    index: 25
    line: 2
    column: 0
- token: ScalarBreak
  start:
    index: 25
    line: 2
    column: 0
  end:
    index: 27
    line: 3
    column: 0
- token: Indent
  start:
    index: 27
    line: 3
    column: 0
  end:
    index: 28
    line: 3
    column: 1
- token: Separator
  start:
    index: 28
    line: 3
    column: 1
  end:
    index: 29
    line: 3
    column: 2
- token: DoubleQuoted
  start:
    index: 29
    line: 3
    column: 2
  end:
    index: 43
    line: 3
    column: 16
- token: DoubleQuote
  start:
    index: 43
    line: 3
    column: 16
  end:
    index: 44
    line: 3
    column: 17
- token: Break
  start:
    index: 44
    line: 3
    column: 17
  end:
    index: 46
    line: 4
    column: 0
- token: Indent
  start:
    index: 46
    line: 4
    column: 0
  end:
    index: 46
    line: 4
    column: 0
- token: Scalar
  start:
    index: 46
    line: 4
    column: 0
  end:
    index: 54
    line: 4
    column: 8
- token: MappingValue
  start:
    index: 54
    line: 4
    column: 8
  end:
    index: 55
    line: 4
    column: 9
- token: Separator
  start:
    index: 55
    line: 4
    column: 9
  end:
    index: 56
    line: 4
    column: 10
- token: Literal
  start:
    index: 56
    line: 4
    column: 10
  end:
    index: 57
    line: 4
    column: 11
- token: Break
  start:
    index: 57
    line: 4
    column: 11
  end:
    index: 59
    line: 5
    column: 0
- token: Indent
  start:
    index: 59
    line: 5
    column: 0
  end:
    index: 61
    line: 5
    column: 2
- token: Scalar
  start:
    index: 61
    line: 5
    column: 2
  end:
    index: 80
    line: 5
    column: 21
- token: ScalarBreak
  start:
    index: 80
    line: 5
    column: 21
  end:
    index: 82
    line: 6
    column: 0
- token: Indent
  start:
    index: 82
    line: 6
    column: 0
  end:
    index: 83
    line: 6
    column: 1
- token: Break
  start:
    index: 83
    line: 6
    column: 1
  end:
    index: 85
    line: 7
    column: 0
- token: Indent
  start:
    index: 85
    line: 7
    column: 0
  end:
    index: 85
    line: 7
    column: 0
- token: Break
  start:
    index: 85
    line: 7
    column: 0
  end:
    index: 87
    line: 8
    column: 0

