---
source: tests/suite/cases.gen.rs
expression: tokens
---
- token: DirectivesEnd
  start:
    line: 0
    column: 0
  end:
    line: 0
    column: 3
- token: Separator
  start:
    line: 0
    column: 3
  end:
    line: 0
    column: 4
- token: Scalar
  start:
    line: 0
    column: 4
  end:
    line: 0
    column: 7
- token: Separator
  start:
    line: 0
    column: 7
  end:
    line: 0
    column: 9
- token: Comment
  start:
    line: 0
    column: 9
  end:
    line: 0
    column: 10
- token: CommentText
  start:
    line: 0
    column: 10
  end:
    line: 0
    column: 18
- token: Break
  start:
    line: 0
    column: 18
  end:
    line: 1
    column: 0
- token: DirectivesEnd
  start:
    line: 1
    column: 0
  end:
    line: 1
    column: 3
- token: Separator
  start:
    line: 1
    column: 3
  end:
    line: 1
    column: 4
- token: Scalar
  start:
    line: 1
    column: 4
  end:
    line: 1
    column: 7
- token: Separator
  start:
    line: 1
    column: 7
  end:
    line: 1
    column: 9
- token: Comment
  start:
    line: 1
    column: 9
  end:
    line: 1
    column: 10
- token: CommentText
  start:
    line: 1
    column: 10
  end:
    line: 1
    column: 18
- token: Break
  start:
    line: 1
    column: 18
  end:
    line: 2
    column: 0

