---
source: tests/suite/cases.gen.rs
expression: tokens
---
- token: Indent
  start:
    index: 0
    line: 0
    column: 0
  end:
    index: 0
    line: 0
    column: 0
- token: Scalar
  start:
    index: 0
    line: 0
    column: 0
  end:
    index: 3
    line: 0
    column: 3
- token: MappingValue
  start:
    index: 3
    line: 0
    column: 3
  end:
    index: 4
    line: 0
    column: 4
- token: Separator
  start:
    index: 4
    line: 0
    column: 4
  end:
    index: 8
    line: 0
    column: 8
- token: Comment
  start:
    index: 8
    line: 0
    column: 8
  end:
    index: 9
    line: 0
    column: 9
- token: CommentText
  start:
    index: 9
    line: 0
    column: 9
  end:
    index: 17
    line: 0
    column: 17
- token: Break
  start:
    index: 17
    line: 0
    column: 17
  end:
    index: 19
    line: 1
    column: 0
- token: Indent
  start:
    index: 19
    line: 1
    column: 0
  end:
    index: 20
    line: 1
    column: 1
- token: Separator
  start:
    index: 20
    line: 1
    column: 1
  end:
    index: 21
    line: 1
    column: 2
- token: Scalar
  start:
    index: 21
    line: 1
    column: 2
  end:
    index: 26
    line: 1
    column: 7
- token: Break
  start:
    index: 26
    line: 1
    column: 7
  end:
    index: 28
    line: 2
    column: 0

