---
source: tests/suite/cases.gen.rs
expression: tokens
---
- token: Indent
  start:
    line: 0
    column: 0
  end:
    line: 0
    column: 0
- token: SequenceEntry
  start:
    line: 0
    column: 0
  end:
    line: 0
    column: 1
- token: Separator
  start:
    line: 0
    column: 1
  end:
    line: 0
    column: 2
- token: SequenceStart
  start:
    line: 0
    column: 2
  end:
    line: 0
    column: 3
- token: Separator
  start:
    line: 0
    column: 3
  end:
    line: 0
    column: 4
- token: Empty
  start:
    line: 0
    column: 4
  end:
    line: 0
    column: 4
- token: MappingValue
  start:
    line: 0
    column: 4
  end:
    line: 0
    column: 5
- token: Separator
  start:
    line: 0
    column: 5
  end:
    line: 0
    column: 6
- token: Scalar
  start:
    line: 0
    column: 6
  end:
    line: 0
    column: 15
- token: Separator
  start:
    line: 0
    column: 15
  end:
    line: 0
    column: 16
- token: SequenceEnd
  start:
    line: 0
    column: 16
  end:
    line: 0
    column: 17
- token: Break
  start:
    line: 0
    column: 17
  end:
    line: 1
    column: 0
- token: Indent
  start:
    line: 1
    column: 0
  end:
    line: 1
    column: 0
- token: SequenceEntry
  start:
    line: 1
    column: 0
  end:
    line: 1
    column: 1
- token: Separator
  start:
    line: 1
    column: 1
  end:
    line: 1
    column: 2
- token: SequenceStart
  start:
    line: 1
    column: 2
  end:
    line: 1
    column: 3
- token: Empty
  start:
    line: 1
    column: 3
  end:
    line: 1
    column: 3
- token: MappingValue
  start:
    line: 1
    column: 3
  end:
    line: 1
    column: 4
- token: Separator
  start:
    line: 1
    column: 4
  end:
    line: 1
    column: 5
- token: Scalar
  start:
    line: 1
    column: 5
  end:
    line: 1
    column: 22
- token: SequenceEnd
  start:
    line: 1
    column: 22
  end:
    line: 1
    column: 23
- token: Break
  start:
    line: 1
    column: 23
  end:
    line: 2
    column: 0

