---
source: tests/suite/cases.gen.rs
expression: tokens
---
- token: DirectivesEnd
  start:
    index: 0
    line: 0
    column: 0
  end:
    index: 3
    line: 0
    column: 3
- token: Separator
  start:
    index: 3
    line: 0
    column: 3
  end:
    index: 4
    line: 0
    column: 4
- token: Literal
  start:
    index: 4
    line: 0
    column: 4
  end:
    index: 5
    line: 0
    column: 5
- token: Break
  start:
    index: 5
    line: 0
    column: 5
  end:
    index: 7
    line: 1
    column: 0
- token: Indent
  start:
    index: 7
    line: 1
    column: 0
  end:
    index: 8
    line: 1
    column: 1
- token: Scalar
  start:
    index: 8
    line: 1
    column: 1
  end:
    index: 15
    line: 1
    column: 8
- token: ScalarBreak
  start:
    index: 15
    line: 1
    column: 8
  end:
    index: 17
    line: 2
    column: 0
- token: Indent
  start:
    index: 17
    line: 2
    column: 0
  end:
    index: 18
    line: 2
    column: 1
- token: Scalar
  start:
    index: 18
    line: 2
    column: 1
  end:
    index: 23
    line: 2
    column: 6
- token: ScalarBreak
  start:
    index: 23
    line: 2
    column: 6
  end:
    index: 25
    line: 3
    column: 0
- token: Indent
  start:
    index: 25
    line: 3
    column: 0
  end:
    index: 25
    line: 3
    column: 0
- token: Break
  start:
    index: 25
    line: 3
    column: 0
  end:
    index: 27
    line: 4
    column: 0
- token: Indent
  start:
    index: 27
    line: 4
    column: 0
  end:
    index: 27
    line: 4
    column: 0
- token: Break
  start:
    index: 27
    line: 4
    column: 0
  end:
    index: 29
    line: 5
    column: 0

