---
source: tests/suite/cases.gen.rs
expression: tokens
---
- token: Indent
  start:
    index: 0
    line: 0
    column: 0
  end:
    index: 0
    line: 0
    column: 0
- token: Folded
  start:
    index: 0
    line: 0
    column: 0
  end:
    index: 1
    line: 0
    column: 1
- token: ChompingIndicator
  start:
    index: 1
    line: 0
    column: 1
  end:
    index: 2
    line: 0
    column: 2
- token: Break
  start:
    index: 2
    line: 0
    column: 2
  end:
    index: 4
    line: 1
    column: 0
- token: Indent
  start:
    index: 4
    line: 1
    column: 0
  end:
    index: 6
    line: 1
    column: 2
- token: Scalar
  start:
    index: 6
    line: 1
    column: 2
  end:
    index: 13
    line: 1
    column: 9
- token: Break
  start:
    index: 13
    line: 1
    column: 9
  end:
    index: 15
    line: 2
    column: 0
- token: Indent
  start:
    index: 15
    line: 2
    column: 0
  end:
    index: 17
    line: 2
    column: 2
- token: ScalarBreak
  start:
    index: 17
    line: 2
    column: 2
  end:
    index: 19
    line: 3
    column: 0
- token: Indent
  start:
    index: 19
    line: 3
    column: 0
  end:
    index: 20
    line: 3
    column: 1
- token: ScalarBreak
  start:
    index: 20
    line: 3
    column: 1
  end:
    index: 22
    line: 4
    column: 0
- token: Indent
  start:
    index: 22
    line: 4
    column: 0
  end:
    index: 22
    line: 4
    column: 0
- token: ScalarBreak
  start:
    index: 22
    line: 4
    column: 0
  end:
    index: 24
    line: 5
    column: 0
- token: Indent
  start:
    index: 24
    line: 5
    column: 0
  end:
    index: 26
    line: 5
    column: 2
- token: Scalar
  start:
    index: 26
    line: 5
    column: 2
  end:
    index: 28
    line: 5
    column: 4
- token: ScalarSpace
  start:
    index: 28
    line: 5
    column: 4
  end:
    index: 30
    line: 6
    column: 0
- token: Indent
  start:
    index: 30
    line: 6
    column: 0
  end:
    index: 32
    line: 6
    column: 2
- token: Scalar
  start:
    index: 32
    line: 6
    column: 2
  end:
    index: 37
    line: 6
    column: 7
- token: Break
  start:
    index: 37
    line: 6
    column: 7
  end:
    index: 39
    line: 7
    column: 0

