---
source: tests/suite/cases.gen.rs
expression: tokens
---
- token: DirectivesEnd
  start:
    line: 0
    column: 0
  end:
    line: 0
    column: 3
- token: Break
  start:
    line: 0
    column: 3
  end:
    line: 1
    column: 0
- token: Indent
  start:
    line: 1
    column: 0
  end:
    line: 1
    column: 0
- token: SequenceEntry
  start:
    line: 1
    column: 0
  end:
    line: 1
    column: 1
- token: Separator
  start:
    line: 1
    column: 1
  end:
    line: 1
    column: 2
- token: Anchor
  start:
    line: 1
    column: 2
  end:
    line: 1
    column: 3
- token: AnchorName
  start:
    line: 1
    column: 3
  end:
    line: 1
    column: 7
- token: Separator
  start:
    line: 1
    column: 7
  end:
    line: 1
    column: 8
- token: Scalar
  start:
    line: 1
    column: 8
  end:
    line: 1
    column: 22
- token: Break
  start:
    line: 1
    column: 22
  end:
    line: 2
    column: 0

