---
source: tests/suite/cases.gen.rs
expression: tokens
---
- token: Indent
  start:
    line: 0
    column: 0
  end:
    line: 0
    column: 0
- token: Scalar
  start:
    line: 0
    column: 0
  end:
    line: 0
    column: 8
- token: MappingValue
  start:
    line: 0
    column: 8
  end:
    line: 0
    column: 9
- token: Separator
  start:
    line: 0
    column: 9
  end:
    line: 0
    column: 10
- token: TagHandle
  start:
    line: 0
    column: 10
  end:
    line: 0
    column: 11
- token: TagSuffix
  start:
    line: 0
    column: 11
  end:
    line: 0
    column: 16
- token: Separator
  start:
    line: 0
    column: 16
  end:
    line: 0
    column: 17
- token: Anchor
  start:
    line: 0
    column: 17
  end:
    line: 0
    column: 18
- token: AnchorName
  start:
    line: 0
    column: 18
  end:
    line: 0
    column: 24
- token: Separator
  start:
    line: 0
    column: 24
  end:
    line: 0
    column: 25
- token: Scalar
  start:
    line: 0
    column: 25
  end:
    line: 0
    column: 30
- token: Break
  start:
    line: 0
    column: 30
  end:
    line: 1
    column: 0
- token: Indent
  start:
    line: 1
    column: 0
  end:
    line: 1
    column: 0
- token: Scalar
  start:
    line: 1
    column: 0
  end:
    line: 1
    column: 5
- token: MappingValue
  start:
    line: 1
    column: 5
  end:
    line: 1
    column: 6
- token: Separator
  start:
    line: 1
    column: 6
  end:
    line: 1
    column: 7
- token: Alias
  start:
    line: 1
    column: 7
  end:
    line: 1
    column: 8
- token: AnchorName
  start:
    line: 1
    column: 8
  end:
    line: 1
    column: 14
- token: Break
  start:
    line: 1
    column: 14
  end:
    line: 2
    column: 0

