---
source: tests/suite/cases.gen.rs
expression: tokens
---
- token: DirectivesEnd
  start:
    line: 0
    column: 0
  end:
    line: 0
    column: 3
- token: Break
  start:
    line: 0
    column: 3
  end:
    line: 1
    column: 0
- token: Indent
  start:
    line: 1
    column: 0
  end:
    line: 1
    column: 0
- token: Anchor
  start:
    line: 1
    column: 0
  end:
    line: 1
    column: 1
- token: AnchorName
  start:
    line: 1
    column: 1
  end:
    line: 1
    column: 3
- token: Break
  start:
    line: 1
    column: 3
  end:
    line: 2
    column: 0
- token: Indent
  start:
    line: 2
    column: 0
  end:
    line: 2
    column: 0
- token: TagHandle
  start:
    line: 2
    column: 0
  end:
    line: 2
    column: 2
- token: TagSuffix
  start:
    line: 2
    column: 2
  end:
    line: 2
    column: 5
- token: Break
  start:
    line: 2
    column: 5
  end:
    line: 3
    column: 0
- token: Indent
  start:
    line: 3
    column: 0
  end:
    line: 3
    column: 0
- token: Scalar
  start:
    line: 3
    column: 0
  end:
    line: 3
    column: 7
- token: Break
  start:
    line: 3
    column: 7
  end:
    line: 4
    column: 0
- token: DirectivesEnd
  start:
    line: 4
    column: 0
  end:
    line: 4
    column: 3
- token: Break
  start:
    line: 4
    column: 3
  end:
    line: 5
    column: 0
- token: Indent
  start:
    line: 5
    column: 0
  end:
    line: 5
    column: 0
- token: TagHandle
  start:
    line: 5
    column: 0
  end:
    line: 5
    column: 2
- token: TagSuffix
  start:
    line: 5
    column: 2
  end:
    line: 5
    column: 5
- token: Break
  start:
    line: 5
    column: 5
  end:
    line: 6
    column: 0
- token: Indent
  start:
    line: 6
    column: 0
  end:
    line: 6
    column: 0
- token: Anchor
  start:
    line: 6
    column: 0
  end:
    line: 6
    column: 1
- token: AnchorName
  start:
    line: 6
    column: 1
  end:
    line: 6
    column: 3
- token: Break
  start:
    line: 6
    column: 3
  end:
    line: 7
    column: 0
- token: Indent
  start:
    line: 7
    column: 0
  end:
    line: 7
    column: 0
- token: Scalar
  start:
    line: 7
    column: 0
  end:
    line: 7
    column: 7
- token: Break
  start:
    line: 7
    column: 7
  end:
    line: 8
    column: 0
- token: DirectivesEnd
  start:
    line: 8
    column: 0
  end:
    line: 8
    column: 3
- token: Break
  start:
    line: 8
    column: 3
  end:
    line: 9
    column: 0
- token: Indent
  start:
    line: 9
    column: 0
  end:
    line: 9
    column: 0
- token: Anchor
  start:
    line: 9
    column: 0
  end:
    line: 9
    column: 1
- token: AnchorName
  start:
    line: 9
    column: 1
  end:
    line: 9
    column: 3
- token: Break
  start:
    line: 9
    column: 3
  end:
    line: 10
    column: 0
- token: Indent
  start:
    line: 10
    column: 0
  end:
    line: 10
    column: 0
- token: TagHandle
  start:
    line: 10
    column: 0
  end:
    line: 10
    column: 2
- token: TagSuffix
  start:
    line: 10
    column: 2
  end:
    line: 10
    column: 5
- token: Separator
  start:
    line: 10
    column: 5
  end:
    line: 10
    column: 6
- token: Scalar
  start:
    line: 10
    column: 6
  end:
    line: 10
    column: 13
- token: Break
  start:
    line: 10
    column: 13
  end:
    line: 11
    column: 0
- token: DirectivesEnd
  start:
    line: 11
    column: 0
  end:
    line: 11
    column: 3
- token: Break
  start:
    line: 11
    column: 3
  end:
    line: 12
    column: 0
- token: Indent
  start:
    line: 12
    column: 0
  end:
    line: 12
    column: 0
- token: Anchor
  start:
    line: 12
    column: 0
  end:
    line: 12
    column: 1
- token: AnchorName
  start:
    line: 12
    column: 1
  end:
    line: 12
    column: 3
- token: Separator
  start:
    line: 12
    column: 3
  end:
    line: 12
    column: 4
- token: TagHandle
  start:
    line: 12
    column: 4
  end:
    line: 12
    column: 6
- token: TagSuffix
  start:
    line: 12
    column: 6
  end:
    line: 12
    column: 9
- token: Break
  start:
    line: 12
    column: 9
  end:
    line: 13
    column: 0
- token: Indent
  start:
    line: 13
    column: 0
  end:
    line: 13
    column: 0
- token: Anchor
  start:
    line: 13
    column: 0
  end:
    line: 13
    column: 1
- token: AnchorName
  start:
    line: 13
    column: 1
  end:
    line: 13
    column: 3
- token: Separator
  start:
    line: 13
    column: 3
  end:
    line: 13
    column: 4
- token: TagHandle
  start:
    line: 13
    column: 4
  end:
    line: 13
    column: 6
- token: TagSuffix
  start:
    line: 13
    column: 6
  end:
    line: 13
    column: 9
- token: Separator
  start:
    line: 13
    column: 9
  end:
    line: 13
    column: 10
- token: Scalar
  start:
    line: 13
    column: 10
  end:
    line: 13
    column: 14
- token: MappingValue
  start:
    line: 13
    column: 14
  end:
    line: 13
    column: 15
- token: Separator
  start:
    line: 13
    column: 15
  end:
    line: 13
    column: 16
- token: Scalar
  start:
    line: 13
    column: 16
  end:
    line: 13
    column: 22
- token: Break
  start:
    line: 13
    column: 22
  end:
    line: 14
    column: 0
- token: DirectivesEnd
  start:
    line: 14
    column: 0
  end:
    line: 14
    column: 3
- token: Break
  start:
    line: 14
    column: 3
  end:
    line: 15
    column: 0
- token: Indent
  start:
    line: 15
    column: 0
  end:
    line: 15
    column: 0
- token: Scalar
  start:
    line: 15
    column: 0
  end:
    line: 15
    column: 2
- token: MappingValue
  start:
    line: 15
    column: 2
  end:
    line: 15
    column: 3
- token: Separator
  start:
    line: 15
    column: 3
  end:
    line: 15
    column: 4
- token: Scalar
  start:
    line: 15
    column: 4
  end:
    line: 15
    column: 5
- token: Break
  start:
    line: 15
    column: 5
  end:
    line: 16
    column: 0
- token: Indent
  start:
    line: 16
    column: 0
  end:
    line: 16
    column: 0
- token: Anchor
  start:
    line: 16
    column: 0
  end:
    line: 16
    column: 1
- token: AnchorName
  start:
    line: 16
    column: 1
  end:
    line: 16
    column: 8
- token: Separator
  start:
    line: 16
    column: 8
  end:
    line: 16
    column: 9
- token: Scalar
  start:
    line: 16
    column: 9
  end:
    line: 16
    column: 11
- token: MappingValue
  start:
    line: 16
    column: 11
  end:
    line: 16
    column: 12
- token: Separator
  start:
    line: 16
    column: 12
  end:
    line: 16
    column: 13
- token: Scalar
  start:
    line: 16
    column: 13
  end:
    line: 16
    column: 14
- token: Break
  start:
    line: 16
    column: 14
  end:
    line: 17
    column: 0
- token: DirectivesEnd
  start:
    line: 17
    column: 0
  end:
    line: 17
    column: 3
- token: Break
  start:
    line: 17
    column: 3
  end:
    line: 18
    column: 0
- token: Indent
  start:
    line: 18
    column: 0
  end:
    line: 18
    column: 0
- token: TagHandle
  start:
    line: 18
    column: 0
  end:
    line: 18
    column: 2
- token: TagSuffix
  start:
    line: 18
    column: 2
  end:
    line: 18
    column: 5
- token: Break
  start:
    line: 18
    column: 5
  end:
    line: 19
    column: 0
- token: Indent
  start:
    line: 19
    column: 0
  end:
    line: 19
    column: 0
- token: Anchor
  start:
    line: 19
    column: 0
  end:
    line: 19
    column: 1
- token: AnchorName
  start:
    line: 19
    column: 1
  end:
    line: 19
    column: 3
- token: Separator
  start:
    line: 19
    column: 3
  end:
    line: 19
    column: 4
- token: TagHandle
  start:
    line: 19
    column: 4
  end:
    line: 19
    column: 6
- token: TagSuffix
  start:
    line: 19
    column: 6
  end:
    line: 19
    column: 9
- token: Separator
  start:
    line: 19
    column: 9
  end:
    line: 19
    column: 10
- token: Scalar
  start:
    line: 19
    column: 10
  end:
    line: 19
    column: 14
- token: MappingValue
  start:
    line: 19
    column: 14
  end:
    line: 19
    column: 15
- token: Separator
  start:
    line: 19
    column: 15
  end:
    line: 19
    column: 16
- token: Scalar
  start:
    line: 19
    column: 16
  end:
    line: 19
    column: 22
- token: Break
  start:
    line: 19
    column: 22
  end:
    line: 20
    column: 0
- token: DirectivesEnd
  start:
    line: 20
    column: 0
  end:
    line: 20
    column: 3
- token: Break
  start:
    line: 20
    column: 3
  end:
    line: 21
    column: 0
- token: Indent
  start:
    line: 21
    column: 0
  end:
    line: 21
    column: 0
- token: TagHandle
  start:
    line: 21
    column: 0
  end:
    line: 21
    column: 2
- token: TagSuffix
  start:
    line: 21
    column: 2
  end:
    line: 21
    column: 5
- token: Break
  start:
    line: 21
    column: 5
  end:
    line: 22
    column: 0
- token: Indent
  start:
    line: 22
    column: 0
  end:
    line: 22
    column: 0
- token: TagHandle
  start:
    line: 22
    column: 0
  end:
    line: 22
    column: 2
- token: TagSuffix
  start:
    line: 22
    column: 2
  end:
    line: 22
    column: 5
- token: Separator
  start:
    line: 22
    column: 5
  end:
    line: 22
    column: 6
- token: Anchor
  start:
    line: 22
    column: 6
  end:
    line: 22
    column: 7
- token: AnchorName
  start:
    line: 22
    column: 7
  end:
    line: 22
    column: 10
- token: Separator
  start:
    line: 22
    column: 10
  end:
    line: 22
    column: 11
- token: Scalar
  start:
    line: 22
    column: 11
  end:
    line: 22
    column: 16
- token: MappingValue
  start:
    line: 22
    column: 16
  end:
    line: 22
    column: 17
- token: Separator
  start:
    line: 22
    column: 17
  end:
    line: 22
    column: 18
- token: Scalar
  start:
    line: 22
    column: 18
  end:
    line: 22
    column: 24
- token: Break
  start:
    line: 22
    column: 24
  end:
    line: 23
    column: 0
- token: DirectivesEnd
  start:
    line: 23
    column: 0
  end:
    line: 23
    column: 3
- token: Break
  start:
    line: 23
    column: 3
  end:
    line: 24
    column: 0
- token: Indent
  start:
    line: 24
    column: 0
  end:
    line: 24
    column: 0
- token: TagHandle
  start:
    line: 24
    column: 0
  end:
    line: 24
    column: 2
- token: TagSuffix
  start:
    line: 24
    column: 2
  end:
    line: 24
    column: 5
- token: Separator
  start:
    line: 24
    column: 5
  end:
    line: 24
    column: 6
- token: Anchor
  start:
    line: 24
    column: 6
  end:
    line: 24
    column: 7
- token: AnchorName
  start:
    line: 24
    column: 7
  end:
    line: 24
    column: 10
- token: Break
  start:
    line: 24
    column: 10
  end:
    line: 25
    column: 0
- token: Indent
  start:
    line: 25
    column: 0
  end:
    line: 25
    column: 0
- token: Scalar
  start:
    line: 25
    column: 0
  end:
    line: 25
    column: 7
- token: Break
  start:
    line: 25
    column: 7
  end:
    line: 26
    column: 0

