---
source: tests/suite/cases.gen.rs
expression: tokens
---
- token: Indent
  start:
    index: 0
    line: 0
    column: 0
  end:
    index: 0
    line: 0
    column: 0
- token: MappingStart
  start:
    index: 0
    line: 0
    column: 0
  end:
    index: 1
    line: 0
    column: 1
- token: Scalar
  start:
    index: 1
    line: 0
    column: 1
  end:
    index: 4
    line: 0
    column: 4
- token: Break
  start:
    index: 4
    line: 0
    column: 4
  end:
    index: 6
    line: 1
    column: 0
- token: Indent
  start:
    index: 6
    line: 1
    column: 0
  end:
    index: 6
    line: 1
    column: 0
- token: MappingValue
  start:
    index: 6
    line: 1
    column: 0
  end:
    index: 7
    line: 1
    column: 1
- token: Separator
  start:
    index: 7
    line: 1
    column: 1
  end:
    index: 8
    line: 1
    column: 2
- token: Scalar
  start:
    index: 8
    line: 1
    column: 2
  end:
    index: 11
    line: 1
    column: 5
- token: MappingEnd
  start:
    index: 11
    line: 1
    column: 5
  end:
    index: 12
    line: 1
    column: 6
- token: Break
  start:
    index: 12
    line: 1
    column: 6
  end:
    index: 14
    line: 2
    column: 0

