---
source: tests/suite/cases.gen.rs
expression: tokens
---
- token: Indent
  start:
    index: 0
    line: 0
    column: 0
  end:
    index: 0
    line: 0
    column: 0
- token: SequenceStart
  start:
    index: 0
    line: 0
    column: 0
  end:
    index: 1
    line: 0
    column: 1
- token: Scalar
  start:
    index: 1
    line: 0
    column: 1
  end:
    index: 4
    line: 0
    column: 4
- token: CollectionEntry
  start:
    index: 4
    line: 0
    column: 4
  end:
    index: 5
    line: 0
    column: 5
- token: Separator
  start:
    index: 5
    line: 0
    column: 5
  end:
    index: 6
    line: 0
    column: 6
- token: Scalar
  start:
    index: 6
    line: 0
    column: 6
  end:
    index: 9
    line: 0
    column: 9
- token: CollectionEntry
  start:
    index: 9
    line: 0
    column: 9
  end:
    index: 10
    line: 0
    column: 10
- token: Separator
  start:
    index: 10
    line: 0
    column: 10
  end:
    index: 11
    line: 0
    column: 11
- token: Scalar
  start:
    index: 11
    line: 0
    column: 11
  end:
    index: 13
    line: 0
    column: 13
- token: SequenceEnd
  start:
    index: 13
    line: 0
    column: 13
  end:
    index: 14
    line: 0
    column: 14
- token: Break
  start:
    index: 14
    line: 0
    column: 14
  end:
    index: 16
    line: 1
    column: 0

