---
source: tests/suite/cases.gen.rs
expression: tokens
---
- token: Indent
  start:
    index: 0
    line: 0
    column: 0
  end:
    index: 0
    line: 0
    column: 0
- token: SequenceEntry
  start:
    index: 0
    line: 0
    column: 0
  end:
    index: 1
    line: 0
    column: 1
- token: Separator
  start:
    index: 1
    line: 0
    column: 1
  end:
    index: 2
    line: 0
    column: 2
- token: Scalar
  start:
    index: 2
    line: 0
    column: 2
  end:
    index: 5
    line: 0
    column: 5
- token: Break
  start:
    index: 5
    line: 0
    column: 5
  end:
    index: 7
    line: 1
    column: 0

