---
source: tests/suite/cases.gen.rs
expression: tokens
---
- token: Comment
  start:
    index: 0
    line: 0
    column: 0
  end:
    index: 1
    line: 0
    column: 1
- token: CommentText
  start:
    index: 1
    line: 0
    column: 1
  end:
    index: 27
    line: 0
    column: 27
- token: Break
  start:
    index: 27
    line: 0
    column: 27
  end:
    index: 29
    line: 1
    column: 0
- token: Comment
  start:
    index: 29
    line: 1
    column: 0
  end:
    index: 30
    line: 1
    column: 1
- token: CommentText
  start:
    index: 30
    line: 1
    column: 1
  end:
    index: 56
    line: 1
    column: 27
- token: Break
  start:
    index: 56
    line: 1
    column: 27
  end:
    index: 58
    line: 2
    column: 0
- token: Comment
  start:
    index: 58
    line: 2
    column: 0
  end:
    index: 59
    line: 2
    column: 1
- token: CommentText
  start:
    index: 59
    line: 2
    column: 1
  end:
    index: 88
    line: 2
    column: 30
- token: Break
  start:
    index: 88
    line: 2
    column: 30
  end:
    index: 90
    line: 3
    column: 0
- token: DirectivesEnd
  start:
    index: 90
    line: 3
    column: 0
  end:
    index: 93
    line: 3
    column: 3
- token: Separator
  start:
    index: 93
    line: 3
    column: 3
  end:
    index: 94
    line: 3
    column: 4
- token: TagHandle
  start:
    index: 94
    line: 3
    column: 4
  end:
    index: 96
    line: 3
    column: 6
- token: TagSuffix
  start:
    index: 96
    line: 3
    column: 6
  end:
    index: 99
    line: 3
    column: 9
- token: Break
  start:
    index: 99
    line: 3
    column: 9
  end:
    index: 101
    line: 4
    column: 0
- token: Indent
  start:
    index: 101
    line: 4
    column: 0
  end:
    index: 101
    line: 4
    column: 0
- token: MappingKey
  start:
    index: 101
    line: 4
    column: 0
  end:
    index: 102
    line: 4
    column: 1
- token: Separator
  start:
    index: 102
    line: 4
    column: 1
  end:
    index: 103
    line: 4
    column: 2
- token: Scalar
  start:
    index: 103
    line: 4
    column: 2
  end:
    index: 115
    line: 4
    column: 14
- token: Break
  start:
    index: 115
    line: 4
    column: 14
  end:
    index: 117
    line: 5
    column: 0
- token: Empty
  start:
    index: 117
    line: 5
    column: 0
  end:
    index: 117
    line: 5
    column: 0
- token: Indent
  start:
    index: 117
    line: 5
    column: 0
  end:
    index: 117
    line: 5
    column: 0
- token: MappingKey
  start:
    index: 117
    line: 5
    column: 0
  end:
    index: 118
    line: 5
    column: 1
- token: Separator
  start:
    index: 118
    line: 5
    column: 1
  end:
    index: 119
    line: 5
    column: 2
- token: Scalar
  start:
    index: 119
    line: 5
    column: 2
  end:
    index: 129
    line: 5
    column: 12
- token: Break
  start:
    index: 129
    line: 5
    column: 12
  end:
    index: 131
    line: 6
    column: 0
- token: Empty
  start:
    index: 131
    line: 6
    column: 0
  end:
    index: 131
    line: 6
    column: 0
- token: Indent
  start:
    index: 131
    line: 6
    column: 0
  end:
    index: 131
    line: 6
    column: 0
- token: MappingKey
  start:
    index: 131
    line: 6
    column: 0
  end:
    index: 132
    line: 6
    column: 1
- token: Separator
  start:
    index: 132
    line: 6
    column: 1
  end:
    index: 133
    line: 6
    column: 2
- token: Scalar
  start:
    index: 133
    line: 6
    column: 2
  end:
    index: 142
    line: 6
    column: 11
- token: Break
  start:
    index: 142
    line: 6
    column: 11
  end:
    index: 144
    line: 7
    column: 0
- token: Empty
  start:
    index: 144
    line: 7
    column: 0
  end:
    index: 144
    line: 7
    column: 0

