---
source: src/grammar/document/tests.rs
expression: "parse(prefix, \"---foo\")"
---
- value:
    version: ~
    tags: {}
- remainder: "---foo"
  span:
    start:
      index: 0
      line: 0
      column: 0
    end:
      index: 6
      line: 0
      column: 6

