---
source: src/grammar/document/tests.rs
expression: "parse(prefix, \"---\")"
---
- token: directives_end
  stream: "---"
  span:
    start:
      index: 0
      line: 0
      column: 0
    end:
      index: 3
      line: 0
      column: 3
- value:
    version: ~
    tags: {}

