---
source: src/grammar/trivia/tests.rs
expression: "parse_unseparated(comment_lines, \" # comment\")"
---
- token: separator
  stream: " "
  span:
    start:
      index: 0
      line: 0
      column: 0
    end:
      index: 1
      line: 0
      column: 1
- token: comment
  stream: "# comment"
  span:
    start:
      index: 1
      line: 0
      column: 1
    end:
      index: 10
      line: 0
      column: 10
- value: ~

